// Jest Snapshot v1, https://goo.gl/fbAQLP

exports[`renders without crashing 1`] = `
<View
  style={
    Object {
      "backgroundColor": "grey",
      "height": 0.5,
    }
  }
/>
`;
